[ +235 ms] Artifact Instance of 'MaterialFonts' is not required, skipping update.
[        ] Artifact Instance of 'GradleWrapper' is not required, skipping update.
[        ] Artifact Instance of 'AndroidGenSnapshotArtifacts' is not required, skipping update.
[        ] Artifact Instance of 'AndroidInternalBuildArtifacts' is not required, skipping update.
[        ] Artifact Instance of 'IOSEngineArtifacts' is not required, skipping update.
[        ] Artifact Instance of 'FlutterWebSdk' is not required, skipping update.
[        ] Artifact Instance of 'LegacyCanvasKitRemover' is not required, skipping update.
[        ] Artifact Instance of 'FlutterSdk' is not required, skipping update.
[        ] Artifact Instance of 'WindowsEngineArtifacts' is not required, skipping update.
[        ] Artifact Instance of 'MacOSEngineArtifacts' is not required, skipping update.
[        ] Artifact Instance of 'LinuxEngineArtifacts' is not required, skipping update.
[        ] Artifact Instance of 'LinuxFuchsiaSDKArtifacts' is not required, skipping update.
[        ] Artifact Instance of 'MacOSFuchsiaSDKArtifacts' is not required, skipping update.
[        ] Artifact Instance of 'FlutterRunnerSDKArtifacts' is not required, skipping update.
[        ] Artifact Instance of 'FlutterRunnerDebugSymbols' is not required, skipping update.
[        ] Artifact Instance of 'IosUsbArtifacts' is not required, skipping update.
[        ] Artifact Instance of 'IosUsbArtifacts' is not required, skipping update.
[        ] Artifact Instance of 'IosUsbArtifacts' is not required, skipping update.
[        ] Artifact Instance of 'IosUsbArtifacts' is not required, skipping update.
[        ] Artifact Instance of 'IosUsbArtifacts' is not required, skipping update.
[        ] Artifact Instance of 'IosUsbArtifacts' is not required, skipping update.
[        ] Artifact Instance of 'FontSubsetArtifacts' is not required, skipping update.
[        ] Artifact Instance of 'PubDependencies' is not required, skipping update.
[        ] executing: [C:\flutter\src\flutter/] git -c log.showSignature=false log HEAD -n 1 --pretty=format:%ad --date=iso
[  +40 ms] Exit code 0 from: git -c log.showSignature=false log HEAD -n 1 --pretty=format:%ad --date=iso
[        ] 2026-02-12 17:12:32 -0800
[  +16 ms] Artifact Instance of 'AndroidGenSnapshotArtifacts' is not required, skipping update.
[        ] Artifact Instance of 'AndroidInternalBuildArtifacts' is not required, skipping update.
[        ] Artifact Instance of 'IOSEngineArtifacts' is not required, skipping update.
[        ] Artifact Instance of 'FlutterWebSdk' is not required, skipping update.
[        ] Artifact Instance of 'FlutterEngineStamp' is not required, skipping update.
[        ] Artifact Instance of 'LegacyCanvasKitRemover' is not required, skipping update.
[   +1 ms] Artifact Instance of 'WindowsEngineArtifacts' is not required, skipping update.
[        ] Artifact Instance of 'MacOSEngineArtifacts' is not required, skipping update.
[        ] Artifact Instance of 'LinuxEngineArtifacts' is not required, skipping update.
[        ] Artifact Instance of 'LinuxFuchsiaSDKArtifacts' is not required, skipping update.
[        ] Artifact Instance of 'MacOSFuchsiaSDKArtifacts' is not required, skipping update.
[        ] Artifact Instance of 'FlutterRunnerSDKArtifacts' is not required, skipping update.
[        ] Artifact Instance of 'FlutterRunnerDebugSymbols' is not required, skipping update.
[  +70 ms] Artifact Instance of 'AndroidGenSnapshotArtifacts' is not required, skipping update.
[        ] Artifact Instance of 'AndroidInternalBuildArtifacts' is not required, skipping update.
[        ] Artifact Instance of 'IOSEngineArtifacts' is not required, skipping update.
[        ] Artifact Instance of 'FlutterEngineStamp' is not required, skipping update.
[   +2 ms] Artifact Instance of 'WindowsEngineArtifacts' is not required, skipping update.
[        ] Artifact Instance of 'MacOSEngineArtifacts' is not required, skipping update.
[        ] Artifact Instance of 'LinuxEngineArtifacts' is not required, skipping update.
[        ] Artifact Instance of 'LinuxFuchsiaSDKArtifacts' is not required, skipping update.
[        ] Artifact Instance of 'MacOSFuchsiaSDKArtifacts' is not required, skipping update.
[        ] Artifact Instance of 'FlutterRunnerSDKArtifacts' is not required, skipping update.
[        ] Artifact Instance of 'FlutterRunnerDebugSymbols' is not required, skipping update.
[  +28 ms] executing: [D:\New folder (2)\roamly/] C:\flutter\src\flutter\bin\cache\dart-sdk\bin\dart pub --suppress-analytics --directory . get --example
Resolving dependencies...
Downloading packages...
  meta 1.17.0 (1.18.1 available)
  mgrs_dart 2.0.0 (3.0.0 available)
  proj4dart 2.1.0 (3.0.0 available)
  unicode 0.3.1 (1.1.9 available)
Got dependencies!
4 packages have newer versions incompatible with dependency constraints.
Try `flutter pub outdated` for more information.
[ +468 ms] Found plugin url_launcher at C:\Users\Waasim Sulthan\AppData\Local\Pub\Cache\hosted\pub.dev\url_launcher-6.3.2\
[   +4 ms] Found plugin url_launcher_windows at C:\Users\Waasim Sulthan\AppData\Local\Pub\Cache\hosted\pub.dev\url_launcher_windows-3.1.5\
[   +4 ms] Found plugin url_launcher_web at C:\Users\Waasim Sulthan\AppData\Local\Pub\Cache\hosted\pub.dev\url_launcher_web-2.4.2\
[   +3 ms] Found plugin url_launcher_macos at C:\Users\Waasim Sulthan\AppData\Local\Pub\Cache\hosted\pub.dev\url_launcher_macos-3.2.5\
[   +1 ms] Found plugin url_launcher_linux at C:\Users\Waasim Sulthan\AppData\Local\Pub\Cache\hosted\pub.dev\url_launcher_linux-3.2.2\
[   +1 ms] Found plugin url_launcher_ios at C:\Users\Waasim Sulthan\AppData\Local\Pub\Cache\hosted\pub.dev\url_launcher_ios-6.4.1\
[   +1 ms] Found plugin url_launcher_android at C:\Users\Waasim Sulthan\AppData\Local\Pub\Cache\hosted\pub.dev\url_launcher_android-6.3.28\
[   +1 ms] Found plugin shared_preferences at C:\Users\Waasim Sulthan\AppData\Local\Pub\Cache\hosted\pub.dev\shared_preferences-2.5.4\
[   +1 ms] Found plugin shared_preferences_windows at C:\Users\Waasim Sulthan\AppData\Local\Pub\Cache\hosted\pub.dev\shared_preferences_windows-2.4.1\
[   +1 ms] Found plugin path_provider_windows at C:\Users\Waasim Sulthan\AppData\Local\Pub\Cache\hosted\pub.dev\path_provider_windows-2.3.0\
[   +6 ms] Found plugin shared_preferences_web at C:\Users\Waasim Sulthan\AppData\Local\Pub\Cache\hosted\pub.dev\shared_preferences_web-2.4.3\
[   +1 ms] Found plugin shared_preferences_linux at C:\Users\Waasim Sulthan\AppData\Local\Pub\Cache\hosted\pub.dev\shared_preferences_linux-2.4.1\
[   +1 ms] Found plugin path_provider_linux at C:\Users\Waasim Sulthan\AppData\Local\Pub\Cache\hosted\pub.dev\path_provider_linux-2.2.1\
[   +2 ms] Found plugin shared_preferences_foundation at C:\Users\Waasim Sulthan\AppData\Local\Pub\Cache\hosted\pub.dev\shared_preferences_foundation-2.5.6\
[   +1 ms] Found plugin shared_preferences_android at C:\Users\Waasim Sulthan\AppData\Local\Pub\Cache\hosted\pub.dev\shared_preferences_android-2.4.20\
[   +2 ms] Found plugin image_picker at C:\Users\Waasim Sulthan\AppData\Local\Pub\Cache\hosted\pub.dev\image_picker-1.2.1\
[   +1 ms] Found plugin image_picker_windows at C:\Users\Waasim Sulthan\AppData\Local\Pub\Cache\hosted\pub.dev\image_picker_windows-0.2.2\
[   +7 ms] Found plugin file_selector_windows at C:\Users\Waasim Sulthan\AppData\Local\Pub\Cache\hosted\pub.dev\file_selector_windows-0.9.3+5\
[   +2 ms] Found plugin image_picker_macos at C:\Users\Waasim Sulthan\AppData\Local\Pub\Cache\hosted\pub.dev\image_picker_macos-0.2.2+1\
[   +1 ms] Found plugin file_selector_macos at C:\Users\Waasim Sulthan\AppData\Local\Pub\Cache\hosted\pub.dev\file_selector_macos-0.9.5\
[   +1 ms] Found plugin image_picker_linux at C:\Users\Waasim Sulthan\AppData\Local\Pub\Cache\hosted\pub.dev\image_picker_linux-0.2.2\
[   +1 ms] Found plugin file_selector_linux at C:\Users\Waasim Sulthan\AppData\Local\Pub\Cache\hosted\pub.dev\file_selector_linux-0.9.4\
[        ] Found plugin image_picker_ios at C:\Users\Waasim Sulthan\AppData\Local\Pub\Cache\hosted\pub.dev\image_picker_ios-0.8.13+6\
[        ] Found plugin image_picker_for_web at C:\Users\Waasim Sulthan\AppData\Local\Pub\Cache\hosted\pub.dev\image_picker_for_web-3.1.1\
[   +1 ms] Found plugin image_picker_android at C:\Users\Waasim Sulthan\AppData\Local\Pub\Cache\hosted\pub.dev\image_picker_android-0.8.13+13\
[   +1 ms] Found plugin flutter_plugin_android_lifecycle at C:\Users\Waasim Sulthan\AppData\Local\Pub\Cache\hosted\pub.dev\flutter_plugin_android_lifecycle-2.0.33\
[        ] Found plugin google_sign_in_web at C:\Users\Waasim Sulthan\AppData\Local\Pub\Cache\hosted\pub.dev\google_sign_in_web-1.1.1\
[   +2 ms] Found plugin google_sign_in at C:\Users\Waasim Sulthan\AppData\Local\Pub\Cache\hosted\pub.dev\google_sign_in-7.2.0\
[        ] Found plugin google_sign_in_ios at C:\Users\Waasim Sulthan\AppData\Local\Pub\Cache\hosted\pub.dev\google_sign_in_ios-6.3.0\
[        ] Found plugin google_sign_in_android at C:\Users\Waasim Sulthan\AppData\Local\Pub\Cache\hosted\pub.dev\google_sign_in_android-7.2.9\
[   +1 ms] Found plugin path_provider at C:\Users\Waasim Sulthan\AppData\Local\Pub\Cache\hosted\pub.dev\path_provider-2.1.5\
[        ] Found plugin path_provider_foundation at C:\Users\Waasim Sulthan\AppData\Local\Pub\Cache\hosted\pub.dev\path_provider_foundation-2.6.0\
[   +7 ms] Found plugin path_provider_android at C:\Users\Waasim Sulthan\AppData\Local\Pub\Cache\hosted\pub.dev\path_provider_android-2.2.22\
[        ] Found plugin geolocator at C:\Users\Waasim Sulthan\AppData\Local\Pub\Cache\hosted\pub.dev\geolocator-14.0.2\
[        ] Found plugin geolocator_windows at C:\Users\Waasim Sulthan\AppData\Local\Pub\Cache\hosted\pub.dev\geolocator_windows-0.2.5\
[   +1 ms] Found plugin geolocator_web at C:\Users\Waasim Sulthan\AppData\Local\Pub\Cache\hosted\pub.dev\geolocator_web-4.1.3\
[        ] Found plugin geolocator_linux at C:\Users\Waasim Sulthan\AppData\Local\Pub\Cache\hosted\pub.dev\geolocator_linux-0.2.4\
[   +1 ms] Found plugin package_info_plus at C:\Users\Waasim Sulthan\AppData\Local\Pub\Cache\hosted\pub.dev\package_info_plus-9.0.0\
[   +8 ms] Found plugin geolocator_apple at C:\Users\Waasim Sulthan\AppData\Local\Pub\Cache\hosted\pub.dev\geolocator_apple-2.3.13\
[   +1 ms] Found plugin geolocator_android at C:\Users\Waasim Sulthan\AppData\Local\Pub\Cache\hosted\pub.dev\geolocator_android-5.0.2\
[  +12 ms] Found plugin firebase_storage at C:\Users\Waasim Sulthan\AppData\Local\Pub\Cache\hosted\pub.dev\firebase_storage-13.0.6\
[   +1 ms] Found plugin firebase_storage_web at C:\Users\Waasim Sulthan\AppData\Local\Pub\Cache\hosted\pub.dev\firebase_storage_web-3.11.2\
[   +2 ms] Found plugin firebase_core at C:\Users\Waasim Sulthan\AppData\Local\Pub\Cache\hosted\pub.dev\firebase_core-4.4.0\
[   +1 ms] Found plugin firebase_core_web at C:\Users\Waasim Sulthan\AppData\Local\Pub\Cache\hosted\pub.dev\firebase_core_web-3.4.0\
[   +2 ms] Found plugin firebase_auth at C:\Users\Waasim Sulthan\AppData\Local\Pub\Cache\hosted\pub.dev\firebase_auth-6.1.4\
[   +1 ms] Found plugin firebase_auth_web at C:\Users\Waasim Sulthan\AppData\Local\Pub\Cache\hosted\pub.dev\firebase_auth_web-6.1.2\
[   +2 ms] Found plugin cloud_firestore at C:\Users\Waasim Sulthan\AppData\Local\Pub\Cache\hosted\pub.dev\cloud_firestore-6.1.2\
[        ] Found plugin cloud_firestore_web at C:\Users\Waasim Sulthan\AppData\Local\Pub\Cache\hosted\pub.dev\cloud_firestore_web-5.1.2\
[  +34 ms] Found plugin url_launcher at C:\Users\Waasim Sulthan\AppData\Local\Pub\Cache\hosted\pub.dev\url_launcher-6.3.2\
[        ] Found plugin url_launcher_windows at C:\Users\Waasim Sulthan\AppData\Local\Pub\Cache\hosted\pub.dev\url_launcher_windows-3.1.5\
[   +1 ms] Found plugin url_launcher_web at C:\Users\Waasim Sulthan\AppData\Local\Pub\Cache\hosted\pub.dev\url_launcher_web-2.4.2\
[   +1 ms] Found plugin url_launcher_macos at C:\Users\Waasim Sulthan\AppData\Local\Pub\Cache\hosted\pub.dev\url_launcher_macos-3.2.5\
[        ] Found plugin url_launcher_linux at C:\Users\Waasim Sulthan\AppData\Local\Pub\Cache\hosted\pub.dev\url_launcher_linux-3.2.2\
[   +1 ms] Found plugin url_launcher_ios at C:\Users\Waasim Sulthan\AppData\Local\Pub\Cache\hosted\pub.dev\url_launcher_ios-6.4.1\
[        ] Found plugin url_launcher_android at C:\Users\Waasim Sulthan\AppData\Local\Pub\Cache\hosted\pub.dev\url_launcher_android-6.3.28\
[        ] Found plugin shared_preferences at C:\Users\Waasim Sulthan\AppData\Local\Pub\Cache\hosted\pub.dev\shared_preferences-2.5.4\
[        ] Found plugin shared_preferences_windows at C:\Users\Waasim Sulthan\AppData\Local\Pub\Cache\hosted\pub.dev\shared_preferences_windows-2.4.1\
[   +1 ms] Found plugin path_provider_windows at C:\Users\Waasim Sulthan\AppData\Local\Pub\Cache\hosted\pub.dev\path_provider_windows-2.3.0\
[   +3 ms] Found plugin shared_preferences_web at C:\Users\Waasim Sulthan\AppData\Local\Pub\Cache\hosted\pub.dev\shared_preferences_web-2.4.3\
[        ] Found plugin shared_preferences_linux at C:\Users\Waasim Sulthan\AppData\Local\Pub\Cache\hosted\pub.dev\shared_preferences_linux-2.4.1\
[        ] Found plugin path_provider_linux at C:\Users\Waasim Sulthan\AppData\Local\Pub\Cache\hosted\pub.dev\path_provider_linux-2.2.1\
[   +1 ms] Found plugin shared_preferences_foundation at C:\Users\Waasim Sulthan\AppData\Local\Pub\Cache\hosted\pub.dev\shared_preferences_foundation-2.5.6\
[        ] Found plugin shared_preferences_android at C:\Users\Waasim Sulthan\AppData\Local\Pub\Cache\hosted\pub.dev\shared_preferences_android-2.4.20\
[   +2 ms] Found plugin image_picker at C:\Users\Waasim Sulthan\AppData\Local\Pub\Cache\hosted\pub.dev\image_picker-1.2.1\
[        ] Found plugin image_picker_windows at C:\Users\Waasim Sulthan\AppData\Local\Pub\Cache\hosted\pub.dev\image_picker_windows-0.2.2\
[   +3 ms] Found plugin file_selector_windows at C:\Users\Waasim Sulthan\AppData\Local\Pub\Cache\hosted\pub.dev\file_selector_windows-0.9.3+5\
[   +1 ms] Found plugin image_picker_macos at C:\Users\Waasim Sulthan\AppData\Local\Pub\Cache\hosted\pub.dev\image_picker_macos-0.2.2+1\
[   +1 ms] Found plugin file_selector_macos at C:\Users\Waasim Sulthan\AppData\Local\Pub\Cache\hosted\pub.dev\file_selector_macos-0.9.5\
[        ] Found plugin image_picker_linux at C:\Users\Waasim Sulthan\AppData\Local\Pub\Cache\hosted\pub.dev\image_picker_linux-0.2.2\
[        ] Found plugin file_selector_linux at C:\Users\Waasim Sulthan\AppData\Local\Pub\Cache\hosted\pub.dev\file_selector_linux-0.9.4\
[        ] Found plugin image_picker_ios at C:\Users\Waasim Sulthan\AppData\Local\Pub\Cache\hosted\pub.dev\image_picker_ios-0.8.13+6\
[        ] Found plugin image_picker_for_web at C:\Users\Waasim Sulthan\AppData\Local\Pub\Cache\hosted\pub.dev\image_picker_for_web-3.1.1\
[   +1 ms] Found plugin image_picker_android at C:\Users\Waasim Sulthan\AppData\Local\Pub\Cache\hosted\pub.dev\image_picker_android-0.8.13+13\
[        ] Found plugin flutter_plugin_android_lifecycle at C:\Users\Waasim Sulthan\AppData\Local\Pub\Cache\hosted\pub.dev\flutter_plugin_android_lifecycle-2.0.33\
[        ] Found plugin google_sign_in_web at C:\Users\Waasim Sulthan\AppData\Local\Pub\Cache\hosted\pub.dev\google_sign_in_web-1.1.1\
[   +1 ms] Found plugin google_sign_in at C:\Users\Waasim Sulthan\AppData\Local\Pub\Cache\hosted\pub.dev\google_sign_in-7.2.0\
[        ] Found plugin google_sign_in_ios at C:\Users\Waasim Sulthan\AppData\Local\Pub\Cache\hosted\pub.dev\google_sign_in_ios-6.3.0\
[        ] Found plugin google_sign_in_android at C:\Users\Waasim Sulthan\AppData\Local\Pub\Cache\hosted\pub.dev\google_sign_in_android-7.2.9\
[   +1 ms] Found plugin path_provider at C:\Users\Waasim Sulthan\AppData\Local\Pub\Cache\hosted\pub.dev\path_provider-2.1.5\
[        ] Found plugin path_provider_foundation at C:\Users\Waasim Sulthan\AppData\Local\Pub\Cache\hosted\pub.dev\path_provider_foundation-2.6.0\
[   +5 ms] Found plugin path_provider_android at C:\Users\Waasim Sulthan\AppData\Local\Pub\Cache\hosted\pub.dev\path_provider_android-2.2.22\
[        ] Found plugin geolocator at C:\Users\Waasim Sulthan\AppData\Local\Pub\Cache\hosted\pub.dev\geolocator-14.0.2\
[        ] Found plugin geolocator_windows at C:\Users\Waasim Sulthan\AppData\Local\Pub\Cache\hosted\pub.dev\geolocator_windows-0.2.5\
[   +1 ms] Found plugin geolocator_web at C:\Users\Waasim Sulthan\AppData\Local\Pub\Cache\hosted\pub.dev\geolocator_web-4.1.3\
[        ] Found plugin geolocator_linux at C:\Users\Waasim Sulthan\AppData\Local\Pub\Cache\hosted\pub.dev\geolocator_linux-0.2.4\
[        ] Found plugin package_info_plus at C:\Users\Waasim Sulthan\AppData\Local\Pub\Cache\hosted\pub.dev\package_info_plus-9.0.0\
[   +5 ms] Found plugin geolocator_apple at C:\Users\Waasim Sulthan\AppData\Local\Pub\Cache\hosted\pub.dev\geolocator_apple-2.3.13\
[   +1 ms] Found plugin geolocator_android at C:\Users\Waasim Sulthan\AppData\Local\Pub\Cache\hosted\pub.dev\geolocator_android-5.0.2\
[   +7 ms] Found plugin firebase_storage at C:\Users\Waasim Sulthan\AppData\Local\Pub\Cache\hosted\pub.dev\firebase_storage-13.0.6\
[        ] Found plugin firebase_storage_web at C:\Users\Waasim Sulthan\AppData\Local\Pub\Cache\hosted\pub.dev\firebase_storage_web-3.11.2\
[   +1 ms] Found plugin firebase_core at C:\Users\Waasim Sulthan\AppData\Local\Pub\Cache\hosted\pub.dev\firebase_core-4.4.0\
[        ] Found plugin firebase_core_web at C:\Users\Waasim Sulthan\AppData\Local\Pub\Cache\hosted\pub.dev\firebase_core_web-3.4.0\
[   +1 ms] Found plugin firebase_auth at C:\Users\Waasim Sulthan\AppData\Local\Pub\Cache\hosted\pub.dev\firebase_auth-6.1.4\
[        ] Found plugin firebase_auth_web at C:\Users\Waasim Sulthan\AppData\Local\Pub\Cache\hosted\pub.dev\firebase_auth_web-6.1.2\
[   +1 ms] Found plugin cloud_firestore at C:\Users\Waasim Sulthan\AppData\Local\Pub\Cache\hosted\pub.dev\cloud_firestore-6.1.2\
[        ] Found plugin cloud_firestore_web at C:\Users\Waasim Sulthan\AppData\Local\Pub\Cache\hosted\pub.dev\cloud_firestore_web-5.1.2\
[   +6 ms] Skipping generating web_plugin_registrant.dart because it is up-to-date.
[  +17 ms] Found plugin url_launcher at C:\Users\Waasim Sulthan\AppData\Local\Pub\Cache\hosted\pub.dev\url_launcher-6.3.2\
[        ] Found plugin url_launcher_windows at C:\Users\Waasim Sulthan\AppData\Local\Pub\Cache\hosted\pub.dev\url_launcher_windows-3.1.5\
[   +1 ms] Found plugin url_launcher_web at C:\Users\Waasim Sulthan\AppData\Local\Pub\Cache\hosted\pub.dev\url_launcher_web-2.4.2\
[        ] Found plugin url_launcher_macos at C:\Users\Waasim Sulthan\AppData\Local\Pub\Cache\hosted\pub.dev\url_launcher_macos-3.2.5\
[        ] Found plugin url_launcher_linux at C:\Users\Waasim Sulthan\AppData\Local\Pub\Cache\hosted\pub.dev\url_launcher_linux-3.2.2\
[        ] Found plugin url_launcher_ios at C:\Users\Waasim Sulthan\AppData\Local\Pub\Cache\hosted\pub.dev\url_launcher_ios-6.4.1\
[        ] Found plugin url_launcher_android at C:\Users\Waasim Sulthan\AppData\Local\Pub\Cache\hosted\pub.dev\url_launcher_android-6.3.28\
[        ] Found plugin shared_preferences at C:\Users\Waasim Sulthan\AppData\Local\Pub\Cache\hosted\pub.dev\shared_preferences-2.5.4\
[        ] Found plugin shared_preferences_windows at C:\Users\Waasim Sulthan\AppData\Local\Pub\Cache\hosted\pub.dev\shared_preferences_windows-2.4.1\
[   +1 ms] Found plugin path_provider_windows at C:\Users\Waasim Sulthan\AppData\Local\Pub\Cache\hosted\pub.dev\path_provider_windows-2.3.0\
[   +2 ms] Found plugin shared_preferences_web at C:\Users\Waasim Sulthan\AppData\Local\Pub\Cache\hosted\pub.dev\shared_preferences_web-2.4.3\
[   +1 ms] Found plugin shared_preferences_linux at C:\Users\Waasim Sulthan\AppData\Local\Pub\Cache\hosted\pub.dev\shared_preferences_linux-2.4.1\
[        ] Found plugin path_provider_linux at C:\Users\Waasim Sulthan\AppData\Local\Pub\Cache\hosted\pub.dev\path_provider_linux-2.2.1\
[   +2 ms] Found plugin shared_preferences_foundation at C:\Users\Waasim Sulthan\AppData\Local\Pub\Cache\hosted\pub.dev\shared_preferences_foundation-2.5.6\
[        ] Found plugin shared_preferences_android at C:\Users\Waasim Sulthan\AppData\Local\Pub\Cache\hosted\pub.dev\shared_preferences_android-2.4.20\
[   +2 ms] Found plugin image_picker at C:\Users\Waasim Sulthan\AppData\Local\Pub\Cache\hosted\pub.dev\image_picker-1.2.1\
[        ] Found plugin image_picker_windows at C:\Users\Waasim Sulthan\AppData\Local\Pub\Cache\hosted\pub.dev\image_picker_windows-0.2.2\
[   +3 ms] Found plugin file_selector_windows at C:\Users\Waasim Sulthan\AppData\Local\Pub\Cache\hosted\pub.dev\file_selector_windows-0.9.3+5\
[   +1 ms] Found plugin image_picker_macos at C:\Users\Waasim Sulthan\AppData\Local\Pub\Cache\hosted\pub.dev\image_picker_macos-0.2.2+1\
[        ] Found plugin file_selector_macos at C:\Users\Waasim Sulthan\AppData\Local\Pub\Cache\hosted\pub.dev\file_selector_macos-0.9.5\
[        ] Found plugin image_picker_linux at C:\Users\Waasim Sulthan\AppData\Local\Pub\Cache\hosted\pub.dev\image_picker_linux-0.2.2\
[        ] Found plugin file_selector_linux at C:\Users\Waasim Sulthan\AppData\Local\Pub\Cache\hosted\pub.dev\file_selector_linux-0.9.4\
[        ] Found plugin image_picker_ios at C:\Users\Waasim Sulthan\AppData\Local\Pub\Cache\hosted\pub.dev\image_picker_ios-0.8.13+6\
[        ] Found plugin image_picker_for_web at C:\Users\Waasim Sulthan\AppData\Local\Pub\Cache\hosted\pub.dev\image_picker_for_web-3.1.1\
[        ] Found plugin image_picker_android at C:\Users\Waasim Sulthan\AppData\Local\Pub\Cache\hosted\pub.dev\image_picker_android-0.8.13+13\
[        ] Found plugin flutter_plugin_android_lifecycle at C:\Users\Waasim Sulthan\AppData\Local\Pub\Cache\hosted\pub.dev\flutter_plugin_android_lifecycle-2.0.33\
[   +1 ms] Found plugin google_sign_in_web at C:\Users\Waasim Sulthan\AppData\Local\Pub\Cache\hosted\pub.dev\google_sign_in_web-1.1.1\
[   +1 ms] Found plugin google_sign_in at C:\Users\Waasim Sulthan\AppData\Local\Pub\Cache\hosted\pub.dev\google_sign_in-7.2.0\
[   +1 ms] Found plugin google_sign_in_ios at C:\Users\Waasim Sulthan\AppData\Local\Pub\Cache\hosted\pub.dev\google_sign_in_ios-6.3.0\
[        ] Found plugin google_sign_in_android at C:\Users\Waasim Sulthan\AppData\Local\Pub\Cache\hosted\pub.dev\google_sign_in_android-7.2.9\
[   +1 ms] Found plugin path_provider at C:\Users\Waasim Sulthan\AppData\Local\Pub\Cache\hosted\pub.dev\path_provider-2.1.5\
[        ] Found plugin path_provider_foundation at C:\Users\Waasim Sulthan\AppData\Local\Pub\Cache\hosted\pub.dev\path_provider_foundation-2.6.0\
[   +4 ms] Found plugin path_provider_android at C:\Users\Waasim Sulthan\AppData\Local\Pub\Cache\hosted\pub.dev\path_provider_android-2.2.22\
[        ] Found plugin geolocator at C:\Users\Waasim Sulthan\AppData\Local\Pub\Cache\hosted\pub.dev\geolocator-14.0.2\
[        ] Found plugin geolocator_windows at C:\Users\Waasim Sulthan\AppData\Local\Pub\Cache\hosted\pub.dev\geolocator_windows-0.2.5\
[   +1 ms] Found plugin geolocator_web at C:\Users\Waasim Sulthan\AppData\Local\Pub\Cache\hosted\pub.dev\geolocator_web-4.1.3\
[        ] Found plugin geolocator_linux at C:\Users\Waasim Sulthan\AppData\Local\Pub\Cache\hosted\pub.dev\geolocator_linux-0.2.4\
[        ] Found plugin package_info_plus at C:\Users\Waasim Sulthan\AppData\Local\Pub\Cache\hosted\pub.dev\package_info_plus-9.0.0\
[   +3 ms] Found plugin geolocator_apple at C:\Users\Waasim Sulthan\AppData\Local\Pub\Cache\hosted\pub.dev\geolocator_apple-2.3.13\
[        ] Found plugin geolocator_android at C:\Users\Waasim Sulthan\AppData\Local\Pub\Cache\hosted\pub.dev\geolocator_android-5.0.2\
[   +5 ms] Found plugin firebase_storage at C:\Users\Waasim Sulthan\AppData\Local\Pub\Cache\hosted\pub.dev\firebase_storage-13.0.6\
[   +1 ms] Found plugin firebase_storage_web at C:\Users\Waasim Sulthan\AppData\Local\Pub\Cache\hosted\pub.dev\firebase_storage_web-3.11.2\
[   +1 ms] Found plugin firebase_core at C:\Users\Waasim Sulthan\AppData\Local\Pub\Cache\hosted\pub.dev\firebase_core-4.4.0\
[        ] Found plugin firebase_core_web at C:\Users\Waasim Sulthan\AppData\Local\Pub\Cache\hosted\pub.dev\firebase_core_web-3.4.0\
[   +1 ms] Found plugin firebase_auth at C:\Users\Waasim Sulthan\AppData\Local\Pub\Cache\hosted\pub.dev\firebase_auth-6.1.4\
[        ] Found plugin firebase_auth_web at C:\Users\Waasim Sulthan\AppData\Local\Pub\Cache\hosted\pub.dev\firebase_auth_web-6.1.2\
[   +1 ms] Found plugin cloud_firestore at C:\Users\Waasim Sulthan\AppData\Local\Pub\Cache\hosted\pub.dev\cloud_firestore-6.1.2\
[        ] Found plugin cloud_firestore_web at C:\Users\Waasim Sulthan\AppData\Local\Pub\Cache\hosted\pub.dev\cloud_firestore_web-5.1.2\
[   +4 ms] Generating D:\New folder (2)\roamly\android\app\src\main\java\io\flutter\plugins\GeneratedPluginRegistrant.java
[   +1 ms] Skipping generating GeneratedPluginRegistrant.java because it is up-to-date.
[   +2 ms] Skipping generating generated_plugin_registrant.h because it is up-to-date.
[        ] Skipping generating generated_plugin_registrant.cc because it is up-to-date.
[        ] Skipping generating generated_plugins.cmake because it is up-to-date.
[   +1 ms] Skipping generating generated_plugin_registrant.h because it is up-to-date.
[        ] Skipping generating generated_plugin_registrant.cc because it is up-to-date.
[        ] Skipping generating generated_plugins.cmake because it is up-to-date.
[   +1 ms] Skipping generating GeneratedPluginRegistrant.h because it is up-to-date.
[        ] Skipping generating GeneratedPluginRegistrant.m because it is up-to-date.
[        ] Skipping generating GeneratedPluginRegistrant.swift because it is up-to-date.
[  +97 ms] Launching lib\main.dart on Chrome in debug mode...
[  +51 ms] Initializing file store
[   +1 ms] Done initializing file store
[   +6 ms] Skipping target: gen_localizations
[        ] Skipping target: gen_dart_plugin_registrant
[        ] Skipping target: _composite
[        ] complete
[        ] Updating assets
[        ] runHooks() with {TargetFile: D:\New folder (2)\roamly\lib\main.dart, BuildMode: debug} and TargetPlatform.web_javascript
[        ] runHooks() - will perform dart build
[        ] Initializing file store
[        ] Done initializing file store
[   +7 ms] Skipping target: dart_build
[        ] Persisting file store
[   +1 ms] Done persisting file store
[   +2 ms] runHooks() - done
[ +110 ms] Waiting for connection from debug service on Chrome...
[  +29 ms] Found plugin url_launcher at C:\Users\Waasim Sulthan\AppData\Local\Pub\Cache\hosted\pub.dev\url_launcher-6.3.2\
[        ] Found plugin url_launcher_windows at C:\Users\Waasim Sulthan\AppData\Local\Pub\Cache\hosted\pub.dev\url_launcher_windows-3.1.5\
[   +1 ms] Found plugin url_launcher_web at C:\Users\Waasim Sulthan\AppData\Local\Pub\Cache\hosted\pub.dev\url_launcher_web-2.4.2\
[   +1 ms] Found plugin url_launcher_macos at C:\Users\Waasim Sulthan\AppData\Local\Pub\Cache\hosted\pub.dev\url_launcher_macos-3.2.5\
[        ] Found plugin url_launcher_linux at C:\Users\Waasim Sulthan\AppData\Local\Pub\Cache\hosted\pub.dev\url_launcher_linux-3.2.2\
[        ] Found plugin url_launcher_ios at C:\Users\Waasim Sulthan\AppData\Local\Pub\Cache\hosted\pub.dev\url_launcher_ios-6.4.1\
[        ] Found plugin url_launcher_android at C:\Users\Waasim Sulthan\AppData\Local\Pub\Cache\hosted\pub.dev\url_launcher_android-6.3.28\
[        ] Found plugin shared_preferences at C:\Users\Waasim Sulthan\AppData\Local\Pub\Cache\hosted\pub.dev\shared_preferences-2.5.4\
[        ] Found plugin shared_preferences_windows at C:\Users\Waasim Sulthan\AppData\Local\Pub\Cache\hosted\pub.dev\shared_preferences_windows-2.4.1\
[   +1 ms] Found plugin path_provider_windows at C:\Users\Waasim Sulthan\AppData\Local\Pub\Cache\hosted\pub.dev\path_provider_windows-2.3.0\
[   +2 ms] Found plugin shared_preferences_web at C:\Users\Waasim Sulthan\AppData\Local\Pub\Cache\hosted\pub.dev\shared_preferences_web-2.4.3\
[        ] Found plugin shared_preferences_linux at C:\Users\Waasim Sulthan\AppData\Local\Pub\Cache\hosted\pub.dev\shared_preferences_linux-2.4.1\
[        ] Found plugin path_provider_linux at C:\Users\Waasim Sulthan\AppData\Local\Pub\Cache\hosted\pub.dev\path_provider_linux-2.2.1\
[   +1 ms] Found plugin shared_preferences_foundation at C:\Users\Waasim Sulthan\AppData\Local\Pub\Cache\hosted\pub.dev\shared_preferences_foundation-2.5.6\
[        ] Found plugin shared_preferences_android at C:\Users\Waasim Sulthan\AppData\Local\Pub\Cache\hosted\pub.dev\shared_preferences_android-2.4.20\
[   +1 ms] Found plugin image_picker at C:\Users\Waasim Sulthan\AppData\Local\Pub\Cache\hosted\pub.dev\image_picker-1.2.1\
[        ] Found plugin image_picker_windows at C:\Users\Waasim Sulthan\AppData\Local\Pub\Cache\hosted\pub.dev\image_picker_windows-0.2.2\
[   +3 ms] Found plugin file_selector_windows at C:\Users\Waasim Sulthan\AppData\Local\Pub\Cache\hosted\pub.dev\file_selector_windows-0.9.3+5\
[   +1 ms] Found plugin image_picker_macos at C:\Users\Waasim Sulthan\AppData\Local\Pub\Cache\hosted\pub.dev\image_picker_macos-0.2.2+1\
[        ] Found plugin file_selector_macos at C:\Users\Waasim Sulthan\AppData\Local\Pub\Cache\hosted\pub.dev\file_selector_macos-0.9.5\
[        ] Found plugin image_picker_linux at C:\Users\Waasim Sulthan\AppData\Local\Pub\Cache\hosted\pub.dev\image_picker_linux-0.2.2\
[        ] Found plugin file_selector_linux at C:\Users\Waasim Sulthan\AppData\Local\Pub\Cache\hosted\pub.dev\file_selector_linux-0.9.4\
[   +1 ms] Found plugin image_picker_ios at C:\Users\Waasim Sulthan\AppData\Local\Pub\Cache\hosted\pub.dev\image_picker_ios-0.8.13+6\
[        ] Found plugin image_picker_for_web at C:\Users\Waasim Sulthan\AppData\Local\Pub\Cache\hosted\pub.dev\image_picker_for_web-3.1.1\
[        ] Found plugin image_picker_android at C:\Users\Waasim Sulthan\AppData\Local\Pub\Cache\hosted\pub.dev\image_picker_android-0.8.13+13\
[        ] Found plugin flutter_plugin_android_lifecycle at C:\Users\Waasim Sulthan\AppData\Local\Pub\Cache\hosted\pub.dev\flutter_plugin_android_lifecycle-2.0.33\
[        ] Found plugin google_sign_in_web at C:\Users\Waasim Sulthan\AppData\Local\Pub\Cache\hosted\pub.dev\google_sign_in_web-1.1.1\
[   +2 ms] Found plugin google_sign_in at C:\Users\Waasim Sulthan\AppData\Local\Pub\Cache\hosted\pub.dev\google_sign_in-7.2.0\
[   +1 ms] Found plugin google_sign_in_ios at C:\Users\Waasim Sulthan\AppData\Local\Pub\Cache\hosted\pub.dev\google_sign_in_ios-6.3.0\
[        ] Found plugin google_sign_in_android at C:\Users\Waasim Sulthan\AppData\Local\Pub\Cache\hosted\pub.dev\google_sign_in_android-7.2.9\
[   +1 ms] Found plugin path_provider at C:\Users\Waasim Sulthan\AppData\Local\Pub\Cache\hosted\pub.dev\path_provider-2.1.5\
[        ] Found plugin path_provider_foundation at C:\Users\Waasim Sulthan\AppData\Local\Pub\Cache\hosted\pub.dev\path_provider_foundation-2.6.0\
[   +5 ms] Found plugin path_provider_android at C:\Users\Waasim Sulthan\AppData\Local\Pub\Cache\hosted\pub.dev\path_provider_android-2.2.22\
[        ] Found plugin geolocator at C:\Users\Waasim Sulthan\AppData\Local\Pub\Cache\hosted\pub.dev\geolocator-14.0.2\
[        ] Found plugin geolocator_windows at C:\Users\Waasim Sulthan\AppData\Local\Pub\Cache\hosted\pub.dev\geolocator_windows-0.2.5\
[   +1 ms] Found plugin geolocator_web at C:\Users\Waasim Sulthan\AppData\Local\Pub\Cache\hosted\pub.dev\geolocator_web-4.1.3\
[        ] Found plugin geolocator_linux at C:\Users\Waasim Sulthan\AppData\Local\Pub\Cache\hosted\pub.dev\geolocator_linux-0.2.4\
[        ] Found plugin package_info_plus at C:\Users\Waasim Sulthan\AppData\Local\Pub\Cache\hosted\pub.dev\package_info_plus-9.0.0\
[   +4 ms] Found plugin geolocator_apple at C:\Users\Waasim Sulthan\AppData\Local\Pub\Cache\hosted\pub.dev\geolocator_apple-2.3.13\
[        ] Found plugin geolocator_android at C:\Users\Waasim Sulthan\AppData\Local\Pub\Cache\hosted\pub.dev\geolocator_android-5.0.2\
[   +5 ms] Found plugin firebase_storage at C:\Users\Waasim Sulthan\AppData\Local\Pub\Cache\hosted\pub.dev\firebase_storage-13.0.6\
[        ] Found plugin firebase_storage_web at C:\Users\Waasim Sulthan\AppData\Local\Pub\Cache\hosted\pub.dev\firebase_storage_web-3.11.2\
[   +1 ms] Found plugin firebase_core at C:\Users\Waasim Sulthan\AppData\Local\Pub\Cache\hosted\pub.dev\firebase_core-4.4.0\
[        ] Found plugin firebase_core_web at C:\Users\Waasim Sulthan\AppData\Local\Pub\Cache\hosted\pub.dev\firebase_core_web-3.4.0\
[   +1 ms] Found plugin firebase_auth at C:\Users\Waasim Sulthan\AppData\Local\Pub\Cache\hosted\pub.dev\firebase_auth-6.1.4\
[   +1 ms] Found plugin firebase_auth_web at C:\Users\Waasim Sulthan\AppData\Local\Pub\Cache\hosted\pub.dev\firebase_auth_web-6.1.2\
[   +1 ms] Found plugin cloud_firestore at C:\Users\Waasim Sulthan\AppData\Local\Pub\Cache\hosted\pub.dev\cloud_firestore-6.1.2\
[        ] Found plugin cloud_firestore_web at C:\Users\Waasim Sulthan\AppData\Local\Pub\Cache\hosted\pub.dev\cloud_firestore_web-5.1.2\
[  +23 ms] shaderc command: [C:\flutter\src\flutter\bin\cache\artifacts\engine\windows-x64\impellerc.exe, --sksl, --iplr, --json, --sl=build\flutter_assets\shaders/ink_sparkle.frag, --spirv=build\flutter_assets\shaders/ink_sparkle.frag.spirv, --input=C:\flutter\src\flutter\packages\flutter\lib\src\material\shaders\ink_sparkle.frag, --input-type=frag, --include=C:\flutter\src\flutter\packages\flutter\lib\src\material\shaders, --include=C:\flutter\src\flutter\bin\cache\artifacts\engine\windows-x64\shader_lib]
[        ] shaderc command: [C:\flutter\src\flutter\bin\cache\artifacts\engine\windows-x64\impellerc.exe, --sksl, --iplr, --json, --sl=build\flutter_assets\shaders/stretch_effect.frag, --spirv=build\flutter_assets\shaders/stretch_effect.frag.spirv, --input=C:\flutter\src\flutter\packages\flutter\lib\src\material\shaders\stretch_effect.frag, --input-type=frag, --include=C:\flutter\src\flutter\packages\flutter\lib\src\material\shaders, --include=C:\flutter\src\flutter\bin\cache\artifacts\engine\windows-x64\shader_lib]
[ +235 ms] <- reset
[   +2 ms] C:\flutter\src\flutter\bin\cache\dart-sdk\bin\dartaotruntime.exe C:\flutter\src\flutter\bin\cache\dart-sdk\bin\snapshots\frontend_server_aot.dart.snapshot --sdk-root C:\flutter\src\flutter\bin\cache\flutter_web_sdk/ --incremental --target=dartdevc --experimental-emit-debug-metadata -DFLUTTER_VERSION=3.41.1 -DFLUTTER_CHANNEL=stable -DFLUTTER_GIT_URL=https://github.com/flutter/flutter.git -DFLUTTER_FRAMEWORK_REVISION=582a0e7c55 -DFLUTTER_ENGINE_REVISION=3452d735bd -DFLUTTER_DART_VERSION=3.11.0 --output-dill C:\Users\WAASIM~1\AppData\Local\Temp\flutter_tools.bc0856ae\flutter_tool.46eedf8d\app.dill --packages D:\New folder (2)\roamly\.dart_tool\package_config.json -Ddart.vm.profile=false -Ddart.vm.product=false --enable-asserts --track-widget-creation --filesystem-root C:\Users\WAASIM~1\AppData\Local\Temp\flutter_tools.bc0856ae\flutter_tools.e127b198 --filesystem-scheme org-dartlang-app --initialize-from-dill build\fa875cea96ff9eb23bebfb51f104f901.cache.dill.track.dill --platform file:///C:/flutter/src/flutter/bin/cache/flutter_web_sdk/kernel/ddc_outline.dill --verbosity=error --dartdevc-canary --dartdevc-module-format=ddc
[  +38 ms] <- compile org-dartlang-app:/web_entrypoint.dart
[+16402 ms] Waiting for connection from debug service on Chrome... (completed in 19.4s)
[        ] Synced 0.0MB.
[   +1 ms] "flutter run" took 20,572ms.
[        ] Running 3 shutdown hooks
[   +9 ms] Shutdown hooks complete
[ +196 ms] exiting with code 1
